// Jest Snapshot v1, https://goo.gl/fbAQLP

exports[`should render ExpenseListItem with expense from expenses 1`] = `
<div>
  <p>
    Description: 
    <Link
      replace={false}
      to="/edit/1"
    >
      Gum
    </Link>
  </p>
  <p>
    Amount: 
    $1.95
  </p>
  <p>
    Created at: 
    December 31st, 1969
  </p>
</div>
`;
